{
	"files":{
		"6_gummy_bears.png", 
		"dickbutt_for_mayor.gif", 
		"fort_kickass.jpg", 
		"fuck_you_space.png", 
		"janis_joplin_rimjob.jpg", 
		"lemur_pudding_cups.jpg", 
		"looking_for_a_terrorist_and_ocelot.gif", 
		"ninjas_are_sexy.gif", 
		"sour_mix_in_margarits.png", 
		"spooning_a_barret.png", 
		"throbbing_erection.png", 
		"whats_in_the_case.gif", 
		"woodhouse_like_people.png"
	},
	"dirs":{
		"/", 
		"/edat", 
		"/jim", 
		"/taes"
	}
}